---
source: relaxng-gen/tests/build.rs
expression: combined
---
--- domain/name.rs ---
//!`name` module
use crate::{Error, Result, ToXml};
use std::str::FromStr;
///`<name/>` element
#[derive(Debug, Clone, PartialEq, Eq, Hash)]
pub struct Name {
    pub value: String,
}
impl ToXml for Name {
    type Builder = NameBuilder;
    fn to_xml<W>(&self, writer: &mut quick_xml::Writer<W>) -> Result<()>
    where
        W: std::io::Write,
    {
        use quick_xml::events::{Event, BytesStart, BytesEnd, BytesText};
        let mut start = BytesStart::new("name");
        let empty = {
            true
                && ({
                    let elem = &self.value;
                    false
                })
        };
        if empty {
            writer.write_event(Event::Empty(start))?;
        } else {
            writer.write_event(Event::Start(start))?;
            {
                let elem = &self.value;
                writer.write_event(Event::Text(BytesText::new(&elem.to_string())))?;
            }
            writer.write_event(Event::End(BytesEnd::new("name")))?;
        }
        Ok(())
    }
}
impl Name {
    pub fn from_xml(node: &roxmltree::Node) -> Result<Self> {
        let mut builder = Self::builder();
        for child in node.children() {
            match child.tag_name().name() {
                _ => continue,
            }
        }
        if let Some(val) = node.text() {
            match val {
                _ => {
                    builder.value(val)?;
                }
            }
        }
        builder.build()
    }
}
impl core::fmt::Display for Name {
    fn fmt(&self, f: &mut core::fmt::Formatter<'_>) -> std::fmt::Result {
        let mut writer = quick_xml::Writer::new_with_indent(
            std::io::Cursor::new(Vec::new()),
            b' ',
            2,
        );
        self.to_xml(&mut writer).expect("Failed to generate XML");
        let res = writer.into_inner().into_inner();
        let str = String::from_utf8(res).expect("Failed to convert bytes to string");
        f.write_str(&str)
    }
}
///`<name/>` builder
#[derive(Default, Debug, Clone, PartialEq, Eq, Hash)]
pub struct NameBuilder {
    pub value: Option<String>,
}
impl NameBuilder {
    pub fn value<T>(&mut self, value: T) -> Result<&mut Self>
    where
        T: TryInto<String>,
        Error: From<<T as TryInto<String>>::Error>,
    {
        self.value = Some(value.try_into()?);
        Ok(self)
    }
    /**
            Attempt to build [`Name`].

            If the element is not valid, an error is returned.
            */
    pub fn build(&self) -> Result<Name> {
        let value = Clone::clone(
            self.value.as_ref().ok_or(Error::BuilderMissingField("name", "value"))?,
        );
        Ok(Name { value })
    }
}

--- domain.rs ---
//!`domain` module
use crate::{Error, Result, ToXml};
use std::str::FromStr;
pub mod name;
use name::Name;
use crate::osref::Osref;
///`<domain/>` element
#[derive(Debug, Clone, PartialEq, Eq, Hash)]
pub struct Domain {
    pub name: Option<Name>,
    pub osref: Osref,
}
impl ToXml for Domain {
    type Builder = DomainBuilder;
    fn to_xml<W>(&self, writer: &mut quick_xml::Writer<W>) -> Result<()>
    where
        W: std::io::Write,
    {
        use quick_xml::events::{Event, BytesStart, BytesEnd, BytesText};
        let mut start = BytesStart::new("domain");
        {
            let elem = &self.osref;
            elem.to_xml_attr(&mut start)?;
        }
        let empty = {
            true
                && ({
                    let elem = &self.name;
                    elem.as_ref().map(|elem| false).unwrap_or(true)
                })
                && ({
                    let elem = &self.osref;
                    elem.is_empty()
                })
        };
        if empty {
            writer.write_event(Event::Empty(start))?;
        } else {
            writer.write_event(Event::Start(start))?;
            {
                let elem = &self.name;
                if let Some(elem) = elem {
                    elem.to_xml(writer)?;
                }
            }
            {
                let elem = &self.osref;
                elem.to_xml(writer)?;
            }
            writer.write_event(Event::End(BytesEnd::new("domain")))?;
        }
        Ok(())
    }
}
impl Domain {
    pub fn from_xml(node: &roxmltree::Node) -> Result<Self> {
        let mut builder = Self::builder();
        for child in node.children() {
            match child.tag_name().name() {
                "name" if Name::from_xml(&child).is_ok() => {
                    builder.name(Some(Name::from_xml(&child)?))?;
                }
                _ => continue,
            }
        }
        if let Some(val) = node.text() {
            match val {
                _ => {}
            }
        }
        let child = &mut node.first_child();
        builder.osref(Osref::from_xml(node, child)?)?;
        builder.build()
    }
}
impl core::fmt::Display for Domain {
    fn fmt(&self, f: &mut core::fmt::Formatter<'_>) -> std::fmt::Result {
        let mut writer = quick_xml::Writer::new_with_indent(
            std::io::Cursor::new(Vec::new()),
            b' ',
            2,
        );
        self.to_xml(&mut writer).expect("Failed to generate XML");
        let res = writer.into_inner().into_inner();
        let str = String::from_utf8(res).expect("Failed to convert bytes to string");
        f.write_str(&str)
    }
}
///`<domain/>` builder
#[derive(Default, Debug, Clone, PartialEq, Eq, Hash)]
pub struct DomainBuilder {
    pub name: Option<Name>,
    pub osref: Option<Osref>,
}
impl DomainBuilder {
    pub fn name<T>(&mut self, name: Option<T>) -> Result<&mut Self>
    where
        T: TryInto<Name>,
        Error: From<<T as TryInto<Name>>::Error>,
    {
        self.name = if let Some(name) = name { Some(name.try_into()?) } else { None };
        Ok(self)
    }
    pub fn osref<T>(&mut self, osref: T) -> Result<&mut Self>
    where
        T: TryInto<Osref>,
        Error: From<<T as TryInto<Osref>>::Error>,
    {
        self.osref = Some(osref.try_into()?);
        Ok(self)
    }
    /**
            Attempt to build [`Domain`].

            If the element is not valid, an error is returned.
            */
    pub fn build(&self) -> Result<Domain> {
        let name = Clone::clone(&self.name);
        let osref = Clone::clone(
            self.osref.as_ref().ok_or(Error::BuilderMissingField("domain", "osref"))?,
        );
        Ok(Domain { name, osref })
    }
}

--- lib.rs ---
#![doc = concat!(
    "Generated from ",
    "'/home/elmarco/src/relaxng-rust/relaxng-gen/tests/fixtures/domain.rng'", " schema."
)]
#![allow(dead_code)]
#![allow(unused_mut)]
#![allow(unused_variables)]
#![allow(unused_imports)]
use thiserror::Error;
pub mod domain;
pub mod osref;
pub use domain::*;
/// The error type used by this crate.
#[derive(Error, Debug)]
pub enum Error {
    #[error("IO error: {0}")]
    Io(#[from] std::io::Error),
    #[error("From UTF-8 error: {0}")]
    FromUtf8Error(#[from] std::string::FromUtf8Error),
    #[error("{0} builder is missing mandatory field: {1}")]
    BuilderMissingField(&'static str, &'static str),
    #[error("{0} builder cannot build a variant")]
    BuilderVariant(&'static str),
    #[error("String too short, expected at least {0} characters, got {1}")]
    TooShort(usize, usize),
    #[error("String too long, expected at most {0} characters, got {1}")]
    TooLong(usize, usize),
    #[error("String '{0}' does not match pattern '{1}'")]
    PatternMismatch(&'static str, String),
    #[error("Failed to compile regex: {0}")]
    RegexError(#[from] regex::Error),
    #[error("Failed to parse '{0}': {1}")]
    ParseError(
        &'static str,
        #[source]
        Box<dyn std::error::Error + Send + Sync + 'static>,
    ),
}
impl From<std::convert::Infallible> for Error {
    fn from(_: std::convert::Infallible) -> Self {
        unreachable!("Infallible error should not occur")
    }
}
/// Helper trait for this crate XML types.
pub trait ToXml {
    /// The associated builder type.
    type Builder: Default;
    /// Creates a new builder for this type.
    fn builder() -> Self::Builder {
        Self::Builder::default()
    }
    /// Writes Events to a XML writer.
    fn to_xml<W>(&self, writer: &mut quick_xml::Writer<W>) -> Result<()>
    where
        W: std::io::Write;
}
#[doc(hidden)]
pub trait RegexPattern {
    const REGEX: &'static str;
}
#[doc(hidden)]
#[derive(Debug, Clone, Copy, PartialEq, Eq, Hash)]
pub struct NoPattern;
impl RegexPattern for NoPattern {
    const REGEX: &'static str = "";
}
/// A string type with length constraints and optional runtime regex validation.
#[derive(Debug, Clone, PartialEq, Eq, Hash)]
pub struct ConstrainedString<
    const MIN_LEN: usize,
    const MAX_LEN: usize,
    P: RegexPattern = NoPattern,
> {
    value: String,
    _phantom: std::marker::PhantomData<P>,
}
impl<
    const MIN: usize,
    const MAX: usize,
    P: RegexPattern,
> ConstrainedString<MIN, MAX, P> {
    pub const NO_MIN_CONSTRAINT: usize = 0;
    pub const NO_MAX_CONSTRAINT: usize = usize::MAX;
    pub fn try_new(value: impl Into<String>) -> Result<Self> {
        let s = value.into();
        Self::validate(&s)?;
        Ok(Self {
            value: s,
            _phantom: std::marker::PhantomData,
        })
    }
    fn validate(s: &str) -> Result<()> {
        fn get_compiled_regex(pattern: &'static str) -> Result<regex::Regex> {
            /// Registry for compiled regex patterns
            static REGEX_REGISTRY: std::sync::OnceLock<
                std::sync::Mutex<std::collections::HashMap<&'static str, regex::Regex>>,
            > = std::sync::OnceLock::new();
            if pattern.is_empty() {
                return Ok(regex::Regex::new(".*").unwrap());
            }
            let registry = REGEX_REGISTRY
                .get_or_init(|| std::sync::Mutex::new(std::collections::HashMap::new()));
            let mut map = registry.lock().unwrap();
            if let Some(regex) = map.get(pattern) {
                return Ok(regex.clone());
            }
            match regex::Regex::new(pattern) {
                Ok(regex) => {
                    let result = regex.clone();
                    map.insert(pattern, regex);
                    Ok(result)
                }
                Err(e) => Err(Error::RegexError(e)),
            }
        }
        if MIN > Self::NO_MIN_CONSTRAINT && s.len() < MIN {
            return Err(Error::TooShort(MIN, s.len()));
        }
        if MAX < Self::NO_MAX_CONSTRAINT && s.len() > MAX {
            return Err(Error::TooLong(MAX, s.len()));
        }
        if !P::REGEX.is_empty() {
            let regex = get_compiled_regex(P::REGEX)?;
            if !regex.is_match(s) {
                return Err(Error::PatternMismatch(P::REGEX, s.to_string()));
            }
        }
        Ok(())
    }
    /// Returns the string as a `&str`.
    #[must_use]
    pub fn as_str(&self) -> &str {
        &self.value
    }
    /// Converts the constrained string into a `String`, consuming it.
    #[must_use]
    pub fn into_string(self) -> String {
        self.value
    }
}
impl<const MIN: usize, const MAX: usize, P: RegexPattern> std::ops::Deref
for ConstrainedString<MIN, MAX, P> {
    type Target = str;
    fn deref(&self) -> &Self::Target {
        &self.value
    }
}
impl<const MIN: usize, const MAX: usize, P: RegexPattern> std::fmt::Display
for ConstrainedString<MIN, MAX, P> {
    fn fmt(&self, f: &mut std::fmt::Formatter<'_>) -> std::fmt::Result {
        write!(f, "{}", self.value)
    }
}
impl<const MIN: usize, const MAX: usize, P: RegexPattern> AsRef<str>
for ConstrainedString<MIN, MAX, P> {
    fn as_ref(&self) -> &str {
        &self.value
    }
}
impl<const MIN: usize, const MAX: usize, P: RegexPattern> std::str::FromStr
for ConstrainedString<MIN, MAX, P> {
    type Err = Error;
    fn from_str(s: &str) -> Result<Self> {
        Self::try_new(s)
    }
}
/// A specialized Result type where the error is hard-wired to [`enum@Error`].
pub type Result<T, E = Error> = std::result::Result<T, E>;

--- main.rs ---
use std::path::Path;
use std::{env::args, fs};
fn main() {
    let path = args().nth(1).expect("No XML file path provided");
    let xml_path = Path::new(&path);
    let xml = fs::read_to_string(xml_path).expect("Failed to read test XML file");
    let xml = roxmltree::Document::parse(&xml).expect("Failed to parse XML");
    let root = xml.root().first_child().expect("No root element found");
    let res = test_domain::Domain::from_xml(&root).unwrap();
    let res = res.to_string();
    println!("{}", res);
}

--- osref/bootloader.rs ---
//!`bootloader` module
use crate::{Error, Result, ToXml};
use std::str::FromStr;
///`<bootloader/>` element
#[derive(Debug, Clone, PartialEq, Eq, Hash)]
pub struct Bootloader {
    pub value: String,
}
impl ToXml for Bootloader {
    type Builder = BootloaderBuilder;
    fn to_xml<W>(&self, writer: &mut quick_xml::Writer<W>) -> Result<()>
    where
        W: std::io::Write,
    {
        use quick_xml::events::{Event, BytesStart, BytesEnd, BytesText};
        let mut start = BytesStart::new("bootloader");
        let empty = {
            true
                && ({
                    let elem = &self.value;
                    false
                })
        };
        if empty {
            writer.write_event(Event::Empty(start))?;
        } else {
            writer.write_event(Event::Start(start))?;
            {
                let elem = &self.value;
                writer.write_event(Event::Text(BytesText::new(&elem.to_string())))?;
            }
            writer.write_event(Event::End(BytesEnd::new("bootloader")))?;
        }
        Ok(())
    }
}
impl Bootloader {
    pub fn from_xml(node: &roxmltree::Node) -> Result<Self> {
        let mut builder = Self::builder();
        for child in node.children() {
            match child.tag_name().name() {
                _ => continue,
            }
        }
        if let Some(val) = node.text() {
            match val {
                _ => {
                    builder.value(val)?;
                }
            }
        }
        builder.build()
    }
}
impl core::fmt::Display for Bootloader {
    fn fmt(&self, f: &mut core::fmt::Formatter<'_>) -> std::fmt::Result {
        let mut writer = quick_xml::Writer::new_with_indent(
            std::io::Cursor::new(Vec::new()),
            b' ',
            2,
        );
        self.to_xml(&mut writer).expect("Failed to generate XML");
        let res = writer.into_inner().into_inner();
        let str = String::from_utf8(res).expect("Failed to convert bytes to string");
        f.write_str(&str)
    }
}
///`<bootloader/>` builder
#[derive(Default, Debug, Clone, PartialEq, Eq, Hash)]
pub struct BootloaderBuilder {
    pub value: Option<String>,
}
impl BootloaderBuilder {
    pub fn value<T>(&mut self, value: T) -> Result<&mut Self>
    where
        T: TryInto<String>,
        Error: From<<T as TryInto<String>>::Error>,
    {
        self.value = Some(value.try_into()?);
        Ok(self)
    }
    /**
            Attempt to build [`Bootloader`].

            If the element is not valid, an error is returned.
            */
    pub fn build(&self) -> Result<Bootloader> {
        let value = Clone::clone(
            self.value.as_ref().ok_or(Error::BuilderMissingField("bootloader", "value"))?,
        );
        Ok(Bootloader { value })
    }
}

--- osref/bootloader2.rs ---
//!`bootloader2` module
use crate::{Error, Result, ToXml};
use std::str::FromStr;
///`<bootloader2/>` element
#[derive(Debug, Clone, PartialEq, Eq, Hash)]
pub struct Bootloader2 {
    pub value: String,
}
impl ToXml for Bootloader2 {
    type Builder = Bootloader2Builder;
    fn to_xml<W>(&self, writer: &mut quick_xml::Writer<W>) -> Result<()>
    where
        W: std::io::Write,
    {
        use quick_xml::events::{Event, BytesStart, BytesEnd, BytesText};
        let mut start = BytesStart::new("bootloader2");
        let empty = {
            true
                && ({
                    let elem = &self.value;
                    false
                })
        };
        if empty {
            writer.write_event(Event::Empty(start))?;
        } else {
            writer.write_event(Event::Start(start))?;
            {
                let elem = &self.value;
                writer.write_event(Event::Text(BytesText::new(&elem.to_string())))?;
            }
            writer.write_event(Event::End(BytesEnd::new("bootloader2")))?;
        }
        Ok(())
    }
}
impl Bootloader2 {
    pub fn from_xml(node: &roxmltree::Node) -> Result<Self> {
        let mut builder = Self::builder();
        for child in node.children() {
            match child.tag_name().name() {
                _ => continue,
            }
        }
        if let Some(val) = node.text() {
            match val {
                _ => {
                    builder.value(val)?;
                }
            }
        }
        builder.build()
    }
}
impl core::fmt::Display for Bootloader2 {
    fn fmt(&self, f: &mut core::fmt::Formatter<'_>) -> std::fmt::Result {
        let mut writer = quick_xml::Writer::new_with_indent(
            std::io::Cursor::new(Vec::new()),
            b' ',
            2,
        );
        self.to_xml(&mut writer).expect("Failed to generate XML");
        let res = writer.into_inner().into_inner();
        let str = String::from_utf8(res).expect("Failed to convert bytes to string");
        f.write_str(&str)
    }
}
///`<bootloader2/>` builder
#[derive(Default, Debug, Clone, PartialEq, Eq, Hash)]
pub struct Bootloader2Builder {
    pub value: Option<String>,
}
impl Bootloader2Builder {
    pub fn value<T>(&mut self, value: T) -> Result<&mut Self>
    where
        T: TryInto<String>,
        Error: From<<T as TryInto<String>>::Error>,
    {
        self.value = Some(value.try_into()?);
        Ok(self)
    }
    /**
            Attempt to build [`Bootloader2`].

            If the element is not valid, an error is returned.
            */
    pub fn build(&self) -> Result<Bootloader2> {
        let value = Clone::clone(
            self
                .value
                .as_ref()
                .ok_or(Error::BuilderMissingField("bootloader2", "value"))?,
        );
        Ok(Bootloader2 { value })
    }
}

--- osref/os.rs ---
//!`os` module
use crate::{Error, Result, ToXml};
use std::str::FromStr;
///`<os/>` element
#[derive(Debug, Clone, PartialEq, Eq, Hash)]
pub struct Os {
    pub value: String,
}
impl ToXml for Os {
    type Builder = OsBuilder;
    fn to_xml<W>(&self, writer: &mut quick_xml::Writer<W>) -> Result<()>
    where
        W: std::io::Write,
    {
        use quick_xml::events::{Event, BytesStart, BytesEnd, BytesText};
        let mut start = BytesStart::new("os");
        let empty = {
            true
                && ({
                    let elem = &self.value;
                    false
                })
        };
        if empty {
            writer.write_event(Event::Empty(start))?;
        } else {
            writer.write_event(Event::Start(start))?;
            {
                let elem = &self.value;
                writer.write_event(Event::Text(BytesText::new(&elem.to_string())))?;
            }
            writer.write_event(Event::End(BytesEnd::new("os")))?;
        }
        Ok(())
    }
}
impl Os {
    pub fn from_xml(node: &roxmltree::Node) -> Result<Self> {
        let mut builder = Self::builder();
        for child in node.children() {
            match child.tag_name().name() {
                _ => continue,
            }
        }
        if let Some(val) = node.text() {
            match val {
                _ => {
                    builder.value(val)?;
                }
            }
        }
        builder.build()
    }
}
impl core::fmt::Display for Os {
    fn fmt(&self, f: &mut core::fmt::Formatter<'_>) -> std::fmt::Result {
        let mut writer = quick_xml::Writer::new_with_indent(
            std::io::Cursor::new(Vec::new()),
            b' ',
            2,
        );
        self.to_xml(&mut writer).expect("Failed to generate XML");
        let res = writer.into_inner().into_inner();
        let str = String::from_utf8(res).expect("Failed to convert bytes to string");
        f.write_str(&str)
    }
}
///`<os/>` builder
#[derive(Default, Debug, Clone, PartialEq, Eq, Hash)]
pub struct OsBuilder {
    pub value: Option<String>,
}
impl OsBuilder {
    pub fn value<T>(&mut self, value: T) -> Result<&mut Self>
    where
        T: TryInto<String>,
        Error: From<<T as TryInto<String>>::Error>,
    {
        self.value = Some(value.try_into()?);
        Ok(self)
    }
    /**
            Attempt to build [`Os`].

            If the element is not valid, an error is returned.
            */
    pub fn build(&self) -> Result<Os> {
        let value = Clone::clone(
            self.value.as_ref().ok_or(Error::BuilderMissingField("os", "value"))?,
        );
        Ok(Os { value })
    }
}

--- osref.rs ---
use crate::{Error, Result, ToXml};
use std::str::FromStr;
pub mod bootloader;
use bootloader::Bootloader;
pub mod bootloader2;
use bootloader2::Bootloader2;
pub mod os;
use os::Os;
#[derive(Debug, Clone, PartialEq, Eq, Hash)]
pub enum Osref {
    #[doc = "/ref[@name='osref']/choice[1]/interleave[1]"]
    Variant0 { os: Os, bootloader: Bootloader },
    #[doc = "/ref[@name='osref']/choice[1]/interleave[2]"]
    Variant1 { os: Os, bootloader2: Bootloader2 },
}
impl ToXml for Osref {
    type Builder = OsrefBuilder;
    fn to_xml<W>(&self, writer: &mut quick_xml::Writer<W>) -> Result<()>
    where
        W: std::io::Write,
    {
        use quick_xml::events::{BytesEnd, BytesStart, BytesText, Event};
        match self {
            Self::Variant0 { os, bootloader } => {
                {
                    let elem = os;
                    elem.to_xml(writer)?;
                }
                {
                    let elem = bootloader;
                    elem.to_xml(writer)?;
                }
            }
            Self::Variant1 { os, bootloader2 } => {
                {
                    let elem = os;
                    elem.to_xml(writer)?;
                }
                {
                    let elem = bootloader2;
                    elem.to_xml(writer)?;
                }
            }
        }
        Ok(())
    }
}
impl core::fmt::Display for Osref {
    fn fmt(&self, f: &mut core::fmt::Formatter<'_>) -> std::fmt::Result {
        let mut writer = quick_xml::Writer::new_with_indent(
            std::io::Cursor::new(Vec::new()),
            b' ',
            2,
        );
        self.to_xml(&mut writer).expect("Failed to generate XML");
        let res = writer.into_inner().into_inner();
        let str = String::from_utf8(res).expect("Failed to convert bytes to string");
        f.write_str(&str)
    }
}
impl Osref {
    pub fn from_xml(
        node: &roxmltree::Node,
        from_child: &mut Option<roxmltree::Node>,
    ) -> Result<Osref> {
        let mut builder = Osref::builder();
        loop {
            let Some(child) = from_child else {
                break;
            };
            match child.node_type() {
                roxmltree::NodeType::Element => {
                    match child.tag_name().name() {
                        "os" if Os::from_xml(&child).is_ok() => {
                            builder.os(Os::from_xml(&child)?)?;
                        }
                        "bootloader" if Bootloader::from_xml(&child).is_ok() => {
                            builder.bootloader(Bootloader::from_xml(&child)?)?;
                        }
                        "bootloader2" if Bootloader2::from_xml(&child).is_ok() => {
                            builder.bootloader2(Bootloader2::from_xml(&child)?)?;
                        }
                        _ => {}
                    }
                }
                roxmltree::NodeType::Text => {
                    if let Some(val) = child.text() {
                        match val {
                            _ => {}
                        }
                    }
                }
                _ => {}
            }
            *from_child = child.next_sibling();
            if let Ok(build) = builder.build() {
                return Ok(build);
            }
        }
        builder.build()
    }
    pub fn to_xml_attr(
        &self,
        __start: &mut quick_xml::events::BytesStart<'_>,
    ) -> Result<()> {
        match self {
            Self::Variant0 { os, bootloader } => {
                let elem = os;
                let elem = bootloader;
            }
            Self::Variant1 { os, bootloader2 } => {
                let elem = os;
                let elem = bootloader2;
            }
        }
        Ok(())
    }
    pub fn is_empty(&self) -> bool {
        self.to_string().is_empty()
    }
}
#[derive(Default, Debug, Clone, PartialEq, Eq, Hash)]
pub struct OsrefBuilder {
    os: Option<Os>,
    bootloader: Option<Bootloader>,
    bootloader2: Option<Bootloader2>,
}
impl OsrefBuilder {
    pub fn os<T>(&mut self, os: T) -> Result<&mut Self>
    where
        T: TryInto<Os>,
        Error: From<<T as TryInto<Os>>::Error>,
    {
        self.os = Some(os.try_into()?);
        Ok(self)
    }
    pub fn bootloader<T>(&mut self, bootloader: T) -> Result<&mut Self>
    where
        T: TryInto<Bootloader>,
        Error: From<<T as TryInto<Bootloader>>::Error>,
    {
        self.bootloader = Some(bootloader.try_into()?);
        Ok(self)
    }
    pub fn bootloader2<T>(&mut self, bootloader2: T) -> Result<&mut Self>
    where
        T: TryInto<Bootloader2>,
        Error: From<<T as TryInto<Bootloader2>>::Error>,
    {
        self.bootloader2 = Some(bootloader2.try_into()?);
        Ok(self)
    }
    pub fn build(&self) -> Result<Osref> {
        if self.os.is_some() && self.bootloader.is_some() {
            return Ok(Osref::Variant0 {
                os: Clone::clone(self.os.as_ref().unwrap()).into(),
                bootloader: Clone::clone(self.bootloader.as_ref().unwrap()).into(),
            });
        }
        if self.os.is_some() && self.bootloader2.is_some() {
            return Ok(Osref::Variant1 {
                os: Clone::clone(self.os.as_ref().unwrap()).into(),
                bootloader2: Clone::clone(self.bootloader2.as_ref().unwrap()).into(),
            });
        }
        Err(Error::BuilderVariant("Osref"))
    }
}
