---
source: relaxng-gen/tests/generate_and_run.rs
expression: "String::from_utf8_lossy(&output.stdout).to_string()"
---
<addressBook>
  <card>
    <givenName>John</givenName>
    <familyName>Smith</familyName>
    <email>js@example.com</email>
  </card>
  <card>
    <name>Fred Bloggs</name>
    <email>fb@example.net</email>
  </card>
</addressBook>
